--CITIES--
Kansas-City:5
Houston:5
Philadelphia:3
New-Orleans:5
Birmingham:5
Miami:4
Tampa:4
Minneapolis:2
Jacksonville:4
Cincinnati:2
Oklahoma-City:5
Memphis:5
Atlanta:4
Santa-Fe:6
St.-Louis:2
Boston:3
Savannah:4
New-York:3
Washington-D.C.:3
Dallas:5
Norfolk:4
Portland:1
Duluth:2
Raleigh:4
Buffalo:3
Detroit:3
Denver:1
Seattle:1
Cheyenne:1
Chicago:2
Nashville:2
Pittsburgh:3
San-Francisco:6
Fargo:2
Phoenix:6
Billings:1
Boise:1
Omaha:1
Las-Vegas:6
Salt-Lake-City:6
Los-Angeles:6
San-Diego:6
--CITIES--

--CONNECTIONS--
Santa-Fe:Salt-Lake-City:28
Santa-Fe:Kansas-City:15
Dallas:Houston:5
Kansas-City:Memphis:12
Las-Vegas:Salt-Lake-City:18
San-Francisco:Las-Vegas:14
Santa-Fe:Kansas-City:16
Dallas:New-Orleans:12
Minneapolis:Chicago:8
Kansas-City:Oklahoma-City:8
Santa-Fe:Dallas:16
Jacksonville:Tampa:4
Birmingham:Atlanta:3
Birmingham:Jacksonville:9
Savannah:Atlanta:7
Savannah:Savannah:0
Santa-Fe:Houston:21
Atlanta:St.-Louis:12
Raleigh:Savannah:7
Norfolk:Raleigh:3
Pittsburgh:Raleigh:7
St.-Louis:Memphis:7
Boston:New-York:3
Buffalo:New-York:8
Pittsburgh:Washington-D.C.:6
Tampa:Miami:4
Oklahoma-City:Dallas:3
Oklahoma-City:Memphis:14
Kansas-City:St.-Louis:6
Phoenix:Las-Vegas:15
Cincinnati:Raleigh:15
Pittsburgh:Buffalo:7
Memphis:Birmingham:6
Boise:Billings:12
Cheyenne:Omaha:14
Phoenix:San-Diego:14
Seattle:Billings:9
Cheyenne:Denver:0
Billings:Minneapolis:18
Jacksonville:New-Orleans:16
Billings:Cheyenne:9
Salt-Lake-City:Denver:21
Cincinnati:Chicago:7
Seattle:Portland:3
Boise:Cheyenne:24
Detroit:Buffalo:7
Portland:Boise:13
Phoenix:Santa-Fe:18
Portland:San-Francisco:24
Washington-D.C.:Norfolk:5
Boise:San-Francisco:23
Chicago:Detroit:7
Philadelphia:New-York:0
Fargo:Duluth:6
Birmingham:New-Orleans:11
Boise:Salt-Lake-City:8
Cheyenne:Minneapolis:18
Memphis:New-Orleans:7
Minneapolis:Duluth:5
Omaha:Chicago:13
Omaha:Minneapolis:8
Omaha:Kansas-City:5
Kansas-City:Chicago:8
Raleigh:Atlanta:7
Seattle:Boise:12
Denver:Kansas-City:16
Billings:Fargo:17
San-Francisco:Los-Angeles:9
Duluth:Detroit:15
Philadelphia:Washington-D.C.:3
Detroit:Cincinnati:4
Denver:Santa-Fe:13
New-Orleans:Houston:8
Fargo:Minneapolis:6
Cincinnati:Pittsburgh:7
Santa-Fe:Las-Vegas:27
Nashville:Atlanta:5
Chicago:Duluth:12
Chicago:St.-Louis:10
Memphis:Dallas:12
San-Diego:Los-Angeles:3
St.-Louis:Cincinnati:12
Detroit:Pittsburgh:6
Cincinnati:Nashville:6
San-Diego:Las-Vegas:9
Los-Angeles:Las-Vegas:9
Salt-Lake-City:San-Francisco:27
--CONNECTIONS--
